clock.c:113:12:exynos_get_pll_clk	16	static
clock.c:343:29:get_clk_bit_info	8	static
clock.c:304:22:exynos542x_get_pll_clk	8	static
clock.c:245:22:exynos5_get_pll_clk	16	static
clock.c:557:15:clock_get_periph_rate	16	static
clock.c:1063:6:exynos4_set_lcd_clk	0	static
clock.c:1115:6:exynos5_set_lcd_clk	0	static
clock.c:1167:6:exynos5420_set_lcd_clk	0	static
clock.c:1194:6:exynos5800_set_lcd_clk	0	static
clock.c:1216:6:exynos4_set_mipi_clk	0	static
clock.c:1266:5:exynos5_set_epll_clk	24	static
clock.c:1333:5:exynos5_set_i2s_clk_source	0	static
clock.c:1353:5:exynos5_set_i2s_clk_prescaler	16	static
clock.c:1588:15:get_pll_clk	8	static
clock.c:1603:15:get_arm_clk	8	static
clock.c:1616:15:get_i2c_clk	8	static
clock.c:1626:15:get_pwm_clk	8	static
clock.c:1639:15:get_uart_clk	8	static
clock.c:1672:15:get_mmc_clk	16	static
clock.c:1700:6:set_mmc_clk	8	static
clock.c:1716:15:get_lcd_clk	48	static
clock.c:1732:6:set_lcd_clk	0	static
clock.c:1746:6:set_mipi_clk	0	static
clock.c:1752:5:set_spi_clk	40	static
clock.c:1763:5:set_i2s_clk_prescaler	0	static
clock.c:1772:5:set_i2s_clk_source	0	static
clock.c:1784:5:set_epll_clk	0	static
